<!DOCTYPE html>
<html lang="en">

<head>
    <meta charset="UTF-8">
    <meta http-equiv="X-UA-Compatible" content="IE=edge">
    <meta name="viewport" content="width=device-width, initial-scale=1.0">

    <link href="https://cdn.jsdelivr.net/npm/bootstrap@5.1.3/dist/css/bootstrap.min.css" rel="stylesheet" integrity="sha384-1BmE4kWBq78iYhFldvKuhfTAU6auU8tT94WrHftjDbrCEXSU1oBoqyl2QvZ6jIW3" crossorigin="anonymous">
    

    <title>jinja2html test - index</title>
</head>

<body>
    <header>
        <nav class="navbar navbar-expand-lg navbar-light bg-light">
            <div class="container-fluid">
                <a class="navbar-brand" href="index.html">jinja2html</a>
                <button class="navbar-toggler" type="button" data-bs-toggle="collapse" data-bs-target="#navbarNavAltMarkup" aria-controls="navbarNavAltMarkup" aria-expanded="false" aria-label="Toggle navigation">
                    <span class="navbar-toggler-icon"></span>
                </button>
                <div class="collapse navbar-collapse" id="navbarNavAltMarkup">
                    <div class="navbar-nav">
                        <a class="nav-link active" aria-current="page" href="#">Home</a>
                        <a class="nav-link" href="#">Features</a>
                        <a class="nav-link" href="#">Pricing</a>
                        <a class="nav-link disabled">Disabled</a>
                    </div>
                </div>
            </div>
        </nav>
    </header>

    

<div class="container">
    <h1>Content 1</h1>
    <p>Check this out: <span id="targetMe"></span></p>
</div>



    <script src="https://cdn.jsdelivr.net/npm/bootstrap@5.1.3/dist/js/bootstrap.bundle.min.js" integrity="sha384-ka7Sk0Gln4gmtz2MlQnikT1wXgYsOg+OMhuP+IlRH9sENBO0LRn5q+8nbTov4+1p" crossorigin="anonymous"></script>
    

<p>testing</p>
<script type="module">
    import { helloWorld } from "./shared.js";
    document.getElementById("targetMe").innerHTML = helloWorld();
</script>


</body>

</html>